#-----------------------------------------------------------
# Vivado v2021.2 (64-bit)
# SW Build 3367213 on Tue Oct 19 02:48:09 MDT 2021
# IP Build 3369179 on Thu Oct 21 08:25:16 MDT 2021
# Start of session at: Wed Apr 20 02:09:20 2022
# Process ID: 49636
# Current directory: C:/Users/ww/OneDrive/Documents/College/Senior/Spring/ECE 350/Checkpoints/final-project-team-18/Scores
# Command line: vivado.exe -gui_launcher_event rodinguilauncherevent3960 C:\Users\ww\OneDrive\Documents\College\Senior\Spring\ECE 350\Checkpoints\final-project-team-18\Scores\score_display.xpr
# Log file: C:/Users/ww/OneDrive/Documents/College/Senior/Spring/ECE 350/Checkpoints/final-project-team-18/Scores/vivado.log
# Journal file: C:/Users/ww/OneDrive/Documents/College/Senior/Spring/ECE 350/Checkpoints/final-project-team-18/Scores\vivado.jou
# Running On: LAPTOP-IKT83306, OS: Windows, CPU Frequency: 2419 MHz, CPU Physical cores: 4, Host memory: 16885 MB
#-----------------------------------------------------------
start_gui
open_project {C:/Users/ww/OneDrive/Documents/College/Senior/Spring/ECE 350/Checkpoints/final-project-team-18/Scores/score_display.xpr}
update_compile_order -fileset sources_1
launch_runs synth_1
wait_on_run synth_1
launch_runs impl_1
wait_on_run impl_1
launch_runs impl_1 -to_step write_bitstream
wait_on_run impl_1
open_hw_manager
connect_hw_server -allow_non_jtag
open_hw_target
set_property PROGRAM.FILE {C:/Users/ww/OneDrive/Documents/College/Senior/Spring/ECE 350/Checkpoints/final-project-team-18/Scores/score_display.runs/impl_1/score_tracking.bit} [get_hw_devices xc7a100t_0]
current_hw_device [get_hw_devices xc7a100t_0]
refresh_hw_device -update_hw_probes false [lindex [get_hw_devices xc7a100t_0] 0]
set_property PROBES.FILE {} [get_hw_devices xc7a100t_0]
set_property FULL_PROBES.FILE {} [get_hw_devices xc7a100t_0]
set_property PROGRAM.FILE {C:/Users/ww/OneDrive/Documents/College/Senior/Spring/ECE 350/Checkpoints/final-project-team-18/Scores/score_display.runs/impl_1/score_tracking.bit} [get_hw_devices xc7a100t_0]
program_hw_devices [get_hw_devices xc7a100t_0]
refresh_hw_device [lindex [get_hw_devices xc7a100t_0] 0]
close_hw_manager
reset_project
launch_runs synth_1
wait_on_run synth_1
launch_runs impl_1
wait_on_run impl_1
launch_runs impl_1 -to_step write_bitstream
wait_on_run impl_1
open_hw_manager
connect_hw_server -allow_non_jtag
open_hw_target
set_property PROGRAM.FILE {C:/Users/ww/OneDrive/Documents/College/Senior/Spring/ECE 350/Checkpoints/final-project-team-18/Scores/score_display.runs/impl_1/score_tracking.bit} [get_hw_devices xc7a100t_0]
current_hw_device [get_hw_devices xc7a100t_0]
refresh_hw_device -update_hw_probes false [lindex [get_hw_devices xc7a100t_0] 0]
set_property PROBES.FILE {} [get_hw_devices xc7a100t_0]
set_property FULL_PROBES.FILE {} [get_hw_devices xc7a100t_0]
set_property PROGRAM.FILE {C:/Users/ww/OneDrive/Documents/College/Senior/Spring/ECE 350/Checkpoints/final-project-team-18/Scores/score_display.runs/impl_1/score_tracking.bit} [get_hw_devices xc7a100t_0]
program_hw_devices [get_hw_devices xc7a100t_0]
refresh_hw_device [lindex [get_hw_devices xc7a100t_0] 0]
